// Jest Snapshot v1, https://goo.gl/fbAQLP

exports[`renders 1`] = `
Object {
  "asFragment": [Function],
  "baseElement": <body>
    <div>
      <div
        class="missions-container"
      >
        <div
          class="row first-row"
        >
          <div>
            Mission
          </div>
          <div>
            Description
          </div>
          <div>
            Status
          </div>
          <div />
        </div>
        <div
          class="row lavender"
        >
          <div
            class="col-1"
          >
            <p>
              mission1
            </p>
          </div>
          <div
            class="col-2"
          >
            <p>
              really cool mission
            </p>
          </div>
          <div
            class="col-3"
          >
            <p
              class="nota-member"
            >
              NOT A MEMBER
            </p>
          </div>
          <div
            class="col-4"
          >
            <button
              class="join-btn"
              type="button"
            >
              Join Mission
            </button>
          </div>
        </div>
      </div>
    </div>
  </body>,
  "container": <div>
    <div
      class="missions-container"
    >
      <div
        class="row first-row"
      >
        <div>
          Mission
        </div>
        <div>
          Description
        </div>
        <div>
          Status
        </div>
        <div />
      </div>
      <div
        class="row lavender"
      >
        <div
          class="col-1"
        >
          <p>
            mission1
          </p>
        </div>
        <div
          class="col-2"
        >
          <p>
            really cool mission
          </p>
        </div>
        <div
          class="col-3"
        >
          <p
            class="nota-member"
          >
            NOT A MEMBER
          </p>
        </div>
        <div
          class="col-4"
        >
          <button
            class="join-btn"
            type="button"
          >
            Join Mission
          </button>
        </div>
      </div>
    </div>
  </div>,
  "debug": [Function],
  "findAllByAltText": [Function],
  "findAllByDisplayValue": [Function],
  "findAllByLabelText": [Function],
  "findAllByPlaceholderText": [Function],
  "findAllByRole": [Function],
  "findAllByTestId": [Function],
  "findAllByText": [Function],
  "findAllByTitle": [Function],
  "findByAltText": [Function],
  "findByDisplayValue": [Function],
  "findByLabelText": [Function],
  "findByPlaceholderText": [Function],
  "findByRole": [Function],
  "findByTestId": [Function],
  "findByText": [Function],
  "findByTitle": [Function],
  "getAllByAltText": [Function],
  "getAllByDisplayValue": [Function],
  "getAllByLabelText": [Function],
  "getAllByPlaceholderText": [Function],
  "getAllByRole": [Function],
  "getAllByTestId": [Function],
  "getAllByText": [Function],
  "getAllByTitle": [Function],
  "getByAltText": [Function],
  "getByDisplayValue": [Function],
  "getByLabelText": [Function],
  "getByPlaceholderText": [Function],
  "getByRole": [Function],
  "getByTestId": [Function],
  "getByText": [Function],
  "getByTitle": [Function],
  "queryAllByAltText": [Function],
  "queryAllByDisplayValue": [Function],
  "queryAllByLabelText": [Function],
  "queryAllByPlaceholderText": [Function],
  "queryAllByRole": [Function],
  "queryAllByTestId": [Function],
  "queryAllByText": [Function],
  "queryAllByTitle": [Function],
  "queryByAltText": [Function],
  "queryByDisplayValue": [Function],
  "queryByLabelText": [Function],
  "queryByPlaceholderText": [Function],
  "queryByRole": [Function],
  "queryByTestId": [Function],
  "queryByText": [Function],
  "queryByTitle": [Function],
  "rerender": [Function],
  "unmount": [Function],
}
`;
